current directory: /Users/pren/Research/chriscamano.github.io/vendor/bundle/ruby/2.6.0/gems/date-3.5.1/ext/date
/System/Library/Frameworks/Ruby.framework/Versions/2.6/usr/bin/ruby -I /System/Library/Frameworks/Ruby.framework/Versions/2.6/usr/lib/ruby/2.6.0 -r ./siteconf20260204-16066-uqvbw6.rb extconf.rb
checking for whether -Wno-compound-token-split-by-macro is accepted as CFLAGS... yes
checking for rb_category_warn()... no
checking for timezone in time.h... yes
checking for altzone in time.h... no
creating Makefile

current directory: /Users/pren/Research/chriscamano.github.io/vendor/bundle/ruby/2.6.0/gems/date-3.5.1/ext/date
make "DESTDIR=" clean

current directory: /Users/pren/Research/chriscamano.github.io/vendor/bundle/ruby/2.6.0/gems/date-3.5.1/ext/date
make "DESTDIR="
compiling date_core.c
compiling date_parse.c
compiling date_strftime.c
compiling date_strptime.c
linking shared-object date_core.bundle
ld: warning: search path '/AppleInternal/Library/BuildRoots/d187755d-b9a3-11ef-83e5-aabfac210453/Applications/Xcode.app/Contents/Developer/Platforms/MacOSX.platform/Developer/SDKs/MacOSX15.3.Internal.sdk/usr/local/lib' not found

current directory: /Users/pren/Research/chriscamano.github.io/vendor/bundle/ruby/2.6.0/gems/date-3.5.1/ext/date
make "DESTDIR=" install
/usr/bin/install -c -m 0755 date_core.bundle ./.gem.20260204-16066-1iqtl4c
